=== venv === 
=== pip install === 
ERROR: Operation cancelled by user
